Archive member included to satisfy reference by file (symbol)

c:/program files (x86)/atmel/studio/7.0/toolchain/avr8/avr8-gnu-toolchain/bin/../lib/gcc/avr/5.4.0/../../../../avr/lib/avr5\libm.a(addsf3.o)
                              Devices/BMP390/BMP390.o (__subsf3)
c:/program files (x86)/atmel/studio/7.0/toolchain/avr8/avr8-gnu-toolchain/bin/../lib/gcc/avr/5.4.0/../../../../avr/lib/avr5\libm.a(addsf3x.o)
                              c:/program files (x86)/atmel/studio/7.0/toolchain/avr8/avr8-gnu-toolchain/bin/../lib/gcc/avr/5.4.0/../../../../avr/lib/avr5\libm.a(addsf3.o) (__addsf3x)
c:/program files (x86)/atmel/studio/7.0/toolchain/avr8/avr8-gnu-toolchain/bin/../lib/gcc/avr/5.4.0/../../../../avr/lib/avr5\libm.a(divsf3.o)
                              Devices/BMP390/BMP390.o (__divsf3)
c:/program files (x86)/atmel/studio/7.0/toolchain/avr8/avr8-gnu-toolchain/bin/../lib/gcc/avr/5.4.0/../../../../avr/lib/avr5\libm.a(divsf3x.o)
                              c:/program files (x86)/atmel/studio/7.0/toolchain/avr8/avr8-gnu-toolchain/bin/../lib/gcc/avr/5.4.0/../../../../avr/lib/avr5\libm.a(divsf3.o) (__divsf3x)
c:/program files (x86)/atmel/studio/7.0/toolchain/avr8/avr8-gnu-toolchain/bin/../lib/gcc/avr/5.4.0/../../../../avr/lib/avr5\libm.a(fixsfsi.o)
                              Devices/BMP390/BMP390.o (__fixsfsi)
c:/program files (x86)/atmel/studio/7.0/toolchain/avr8/avr8-gnu-toolchain/bin/../lib/gcc/avr/5.4.0/../../../../avr/lib/avr5\libm.a(fixunssfsi.o)
                              BSP/PWM/PWM.o (__fixunssfsi)
c:/program files (x86)/atmel/studio/7.0/toolchain/avr8/avr8-gnu-toolchain/bin/../lib/gcc/avr/5.4.0/../../../../avr/lib/avr5\libm.a(floatsisf.o)
                              BSP/ADC/AD.o (__floatunsisf)
c:/program files (x86)/atmel/studio/7.0/toolchain/avr8/avr8-gnu-toolchain/bin/../lib/gcc/avr/5.4.0/../../../../avr/lib/avr5\libm.a(fp_inf.o)
                              c:/program files (x86)/atmel/studio/7.0/toolchain/avr8/avr8-gnu-toolchain/bin/../lib/gcc/avr/5.4.0/../../../../avr/lib/avr5\libm.a(addsf3x.o) (__fp_inf)
c:/program files (x86)/atmel/studio/7.0/toolchain/avr8/avr8-gnu-toolchain/bin/../lib/gcc/avr/5.4.0/../../../../avr/lib/avr5\libm.a(fp_nan.o)
                              c:/program files (x86)/atmel/studio/7.0/toolchain/avr8/avr8-gnu-toolchain/bin/../lib/gcc/avr/5.4.0/../../../../avr/lib/avr5\libm.a(addsf3x.o) (__fp_nan)
c:/program files (x86)/atmel/studio/7.0/toolchain/avr8/avr8-gnu-toolchain/bin/../lib/gcc/avr/5.4.0/../../../../avr/lib/avr5\libm.a(fp_pscA.o)
                              c:/program files (x86)/atmel/studio/7.0/toolchain/avr8/avr8-gnu-toolchain/bin/../lib/gcc/avr/5.4.0/../../../../avr/lib/avr5\libm.a(addsf3x.o) (__fp_pscA)
c:/program files (x86)/atmel/studio/7.0/toolchain/avr8/avr8-gnu-toolchain/bin/../lib/gcc/avr/5.4.0/../../../../avr/lib/avr5\libm.a(fp_pscB.o)
                              c:/program files (x86)/atmel/studio/7.0/toolchain/avr8/avr8-gnu-toolchain/bin/../lib/gcc/avr/5.4.0/../../../../avr/lib/avr5\libm.a(addsf3x.o) (__fp_pscB)
c:/program files (x86)/atmel/studio/7.0/toolchain/avr8/avr8-gnu-toolchain/bin/../lib/gcc/avr/5.4.0/../../../../avr/lib/avr5\libm.a(fp_round.o)
                              c:/program files (x86)/atmel/studio/7.0/toolchain/avr8/avr8-gnu-toolchain/bin/../lib/gcc/avr/5.4.0/../../../../avr/lib/avr5\libm.a(addsf3.o) (__fp_round)
c:/program files (x86)/atmel/studio/7.0/toolchain/avr8/avr8-gnu-toolchain/bin/../lib/gcc/avr/5.4.0/../../../../avr/lib/avr5\libm.a(fp_split3.o)
                              c:/program files (x86)/atmel/studio/7.0/toolchain/avr8/avr8-gnu-toolchain/bin/../lib/gcc/avr/5.4.0/../../../../avr/lib/avr5\libm.a(addsf3x.o) (__fp_split3)
c:/program files (x86)/atmel/studio/7.0/toolchain/avr8/avr8-gnu-toolchain/bin/../lib/gcc/avr/5.4.0/../../../../avr/lib/avr5\libm.a(fp_zero.o)
                              c:/program files (x86)/atmel/studio/7.0/toolchain/avr8/avr8-gnu-toolchain/bin/../lib/gcc/avr/5.4.0/../../../../avr/lib/avr5\libm.a(addsf3x.o) (__fp_zero)
c:/program files (x86)/atmel/studio/7.0/toolchain/avr8/avr8-gnu-toolchain/bin/../lib/gcc/avr/5.4.0/../../../../avr/lib/avr5\libm.a(log.o)
                              Devices/NTC/ntc_10k.o (log)
c:/program files (x86)/atmel/studio/7.0/toolchain/avr8/avr8-gnu-toolchain/bin/../lib/gcc/avr/5.4.0/../../../../avr/lib/avr5\libm.a(mulsf3.o)
                              BSP/ADC/AD.o (__mulsf3)
c:/program files (x86)/atmel/studio/7.0/toolchain/avr8/avr8-gnu-toolchain/bin/../lib/gcc/avr/5.4.0/../../../../avr/lib/avr5\libm.a(mulsf3x.o)
                              c:/program files (x86)/atmel/studio/7.0/toolchain/avr8/avr8-gnu-toolchain/bin/../lib/gcc/avr/5.4.0/../../../../avr/lib/avr5\libm.a(log.o) (__mulsf3x)
c:/program files (x86)/atmel/studio/7.0/toolchain/avr8/avr8-gnu-toolchain/bin/../lib/gcc/avr/5.4.0/../../../../avr/lib/avr5\libm.a(fp_mpack.o)
[...]
Memory Configuration

Name             Origin             Length             Attributes
text             0x00000000         0x00010000         xr
data             0x00800100         0x00001000         rw !x
eeprom           0x00810000         0x00000800         rw !x
fuse             0x00820000         0x00000003         rw !x
lock             0x00830000         0x00000400         rw !x
signature        0x00840000         0x00000400         rw !x
user_signatures  0x00850000         0x00000400         rw !x
*default*        0x00000000         0xffffffff

Linker script and memory map

Address of section .data set to 0x800100
LOAD C:/Program Files (x86)/Atmel/Studio/7.0/Packs/atmel/ATmega_DFP/1.7.374/gcc/dev/atmega64/avr5/crtatmega64.o
LOAD Application/Accel_Gyro/Accel_Gyro.o
LOAD Application/CMDLine/cmdline.o
LOAD Application/CMDLine/command.o
LOAD Application/COPC/COPC.o
LOAD Application/LED/ir_led.o
LOAD Application/LED/ring_led.o
LOAD Application/LED/status_led.o
LOAD Application/main.o
LOAD Application/Pressure/Pressure.o
LOAD Application/SYS/sys.o
LOAD Application/Temperature/temperature.o
LOAD Application/WATCHDOG/watchdog.o
LOAD BSP/ADC/AD.o
LOAD BSP/PWM/PWM.o
LOAD BSP/SPI/spi.o
LOAD BSP/Timer/timer.o
LOAD BSP/TWI/i2c.o
LOAD BSP/TWI/twi.o
LOAD BSP/UART/uart.o
LOAD Data_struct/IOU_data.o
LOAD Devices/BMP390/BMP390.o
LOAD Devices/LSM6DSOX/LSM6DSOX.o
LOAD Devices/MCP4921/MCP4921.o
LOAD Devices/NTC/ntc_10k.o
LOAD Devices/onewire/DS18B20.o
LOAD Devices/LED_RING/SK6812.o
LOAD Devices/TEC/TEC.o
LOAD Devices/TPL5010/TPL5010.o
LOAD Scheduler/scheduler.o
LOAD ThirdParty/libsfp/crc16.o
LOAD ThirdParty/libsfp/fsp.o
START GROUP
LOAD c:/program files (x86)/atmel/studio/7.0/toolchain/avr8/avr8-gnu-toolchain/bin/../lib/gcc/avr/5.4.0/../../../../avr/lib/avr5\libm.a
END GROUP
LOAD c:/program files (x86)/atmel/studio/7.0/toolchain/avr8/avr8-gnu-toolchain/bin/../lib/gcc/avr/5.4.0/../../../../avr/lib/avr5\libprintf_flt.a
LOAD c:/program files (x86)/atmel/studio/7.0/toolchain/avr8/avr8-gnu-toolchain/bin/../lib/gcc/avr/5.4.0/../../../../avr/lib/avr5\libm.a
START GROUP
LOAD c:/program files (x86)/atmel/studio/7.0/toolchain/avr8/avr8-gnu-toolchain/bin/../lib/gcc/avr/5.4.0/avr5\libgcc.a
LOAD c:/program files (x86)/atmel/studio/7.0/toolchain/avr8/avr8-gnu-toolchain/bin/../lib/gcc/avr/5.4.0/../../../../avr/lib/avr5\libm.a
LOAD c:/program files (x86)/atmel/studio/7.0/toolchain/avr8/avr8-gnu-toolchain/bin/../lib/gcc/avr/5.4.0/../../../../avr/lib/avr5\libc.a
LOAD C:/Program Files (x86)/Atmel/Studio/7.0/Packs/atmel/ATmega_DFP/1.7.374/gcc/dev/atmega64/avr5\libatmega64.a
END GROUP
                0x00000000                __TEXT_REGION_ORIGIN__ = DEFINED (__TEXT_REGION_ORIGIN__)?__TEXT_REGION_ORIGIN__:0x0
                [0x00800100]                __DATA_REGION_ORIGIN__ = DEFINED (__DATA_REGION_ORIGIN__)?__DATA_REGION_ORIGIN__:0x800060
                [0x00010000]                __TEXT_REGION_LENGTH__ = DEFINED (__TEXT_REGION_LENGTH__)?__TEXT_REGION_LENGTH__:0x20000
                [0x00001000]                __DATA_REGION_LENGTH__ = DEFINED (__DATA_REGION_LENGTH__)?__DATA_REGION_LENGTH__:0xffa0
                [0x00000800]                __EEPROM_REGION_LENGTH__ = DEFINED (__EEPROM_REGION_LENGTH__)?__EEPROM_REGION_LENGTH__:0x10000
                [0x00000003]                __FUSE_REGION_LENGTH__ = DEFINED (__FUSE_REGION_LENGTH__)?__FUSE_REGION_LENGTH__:0x400
                0x00000400                __LOCK_REGION_LENGTH__ = DEFINED (__LOCK_REGION_LENGTH__)?__LOCK_REGION_LENGTH__:0x400
                0x00000400                __SIGNATURE_REGION_LENGTH__ = DEFINED (__SIGNATURE_REGION_LENGTH__)?__SIGNATURE_REGION_LENGTH__:0x400
                0x00000400                __USER_SIGNATURE_REGION_LENGTH__ = DEFINED (__USER_SIGNATURE_REGION_LENGTH__)?__USER_SIGNATURE_REGION_LENGTH__:0x400

.hash
 *(.hash)

.dynsym
 *(.dynsym)

.dynstr
 *(.dynstr)

.gnu.version
 *(.gnu.version)

.gnu.version_d
 *(.gnu.version_d)

.gnu.version_r
 *(.gnu.version_r)

.rel.init
 *(.rel.init)

.rela.init
 *(.rela.init)

.rel.text
 *(.rel.text)
 *(.rel.text.*)
 *(.rel.gnu.linkonce.t*)

.rela.text
 *(.rela.text)
 *(.rela.text.*)
 *(.rela.gnu.linkonce.t*)

.rel.fini
 *(.rel.fini)

.rela.fini
 *(.rela.fini)

.rel.rodata
 *(.rel.rodata)
 *(.rel.rodata.*)
 *(.rel.gnu.linkonce.r*)

.rela.rodata
 *(.rela.rodata)
 *(.rela.rodata.*)
 *(.rela.gnu.linkonce.r*)

.rel.data
 *(.rel.data)
 *(.rel.data.*)
 *(.rel.gnu.linkonce.d*)

.rela.data
 *(.rela.data)
 *(.rela.data.*)
 *(.rela.gnu.linkonce.d*)

.rel.ctors
 *(.rel.ctors)

.rela.ctors
 *(.rela.ctors)

.rel.dtors
 *(.rel.dtors)

.rela.dtors
 *(.rela.dtors)

.rel.got
 *(.rel.got)

.rela.got
 *(.rela.got)

.rel.bss
 *(.rel.bss)

.rela.bss
 *(.rela.bss)

.rel.plt
 *(.rel.plt)

.rela.plt
 *(.rela.plt)

.text           0x00000000     0x6310
 *(.vectors)
 .vectors       0x00000000       0x8c C:/Program Files (x86)/Atmel/Studio/7.0/Packs/atmel/ATmega_DFP/1.7.374/gcc/dev/atmega64/avr5/crtatmega64.o
                0x00000000                __vector_default
                0x00000000                __vectors
 *(.vectors)
 *(.progmem.gcc*)
 .progmem.gcc_sw_table.COPC_process_command
                0x0000008c       0x26 Application/COPC/COPC.o
 .progmem.gcc_sw_table.__vector_33
                0x000000b2      0x192 BSP/TWI/twi.o
 .progmem.gcc_sw_table.UARTvprintf
                0x00000244       0xa8 BSP/UART/uart.o
                0x000002ec                . = ALIGN (0x2)
                0x000002ec                __trampolines_start = .
 *(.trampolines)
 .trampolines   0x000002ec        0x0 linker stubs
 *(.trampolines*)
                0x000002ec                __trampolines_end = .
 *libprintf_flt.a:*(.progmem.data)
 .progmem.data  0x000002ec        0x8 c:/program files (x86)/atmel/studio/7.0/toolchain/avr8/avr8-gnu-toolchain/bin/../lib/gcc/avr/5.4.0/../../../../avr/lib/avr5\libprintf_flt.a(vfprintf_flt.o)
 *libc.a:*(.progmem.data)
 .progmem.data  0x000002f4       0xfa c:/program files (x86)/atmel/studio/7.0/toolchain/avr8/avr8-gnu-toolchain/bin/../lib/gcc/avr/5.4.0/../../../../avr/lib/avr5\libc.a(ftoa_engine.o)
 *(.progmem*)
 .progmem.data.SPLASH
                0x000003ee      0x71c Application/CMDLine/command.o
                0x000003ee                SPLASH
 .progmem.data.NTC_table
                0x00000b0a      0x800 Devices/NTC/ntc_10k.o
                0x00000b0a                NTC_table
                0x0000130a                . = ALIGN (0x2)
 *(.jumptables)
 *(.jumptables*)
 *(.lowtext)
 *(.lowtext*)
                0x0000130a                __ctors_start = .
 *(.ctors)
                0x0000130a                __ctors_end = .
                0x0000130a                __dtors_start = .
 *(.dtors)
                0x0000130a                __dtors_end = .
 SORT(*)(.ctors)
 SORT(*)(.dtors)
 *(.init0)
 .init0         0x0000130a        0x0 C:/Program Files (x86)/Atmel/Studio/7.0/Packs/atmel/ATmega_DFP/1.7.374/gcc/dev/atmega64/avr5/crtatmega64.o
                0x0000130a                __init
 *(.init0)
 *(.init1)
 *(.init1)
 *(.init2)
 .init2         0x0000130a        0xc C:/Program Files (x86)/Atmel/Studio/7.0/Packs/atmel/ATmega_DFP/1.7.374/gcc/dev/atmega64/avr5/crtatmega64.o
 *(.init2)
 *(.init3)
 *(.init3)
 *(.init4)
 .init4         0x00001316       0x16 c:/program files (x86)/atmel/studio/7.0/toolchain/avr8/avr8-gnu-toolchain/bin/../lib/gcc/avr/5.4.0/avr5\libgcc.a(_copy_data.o)
                0x00001316                __do_copy_data
 .init4         0x0000132c       0x10 c:/program files (x86)/atmel/studio/7.0/toolchain/avr8/avr8-gnu-toolchain/bin/../lib/gcc/avr/5.4.0/avr5\libgcc.a(_clear_bss.o)
                0x0000132c                __do_clear_bss
 *(.init4)
 *(.init5)
 *(.init5)
 *(.init6)
 *(.init6)
 *(.init7)
 *(.init7)
 *(.init8)
 *(.init8)
 *(.init9)
 .init9         0x0000133c        0x8 C:/Program Files (x86)/Atmel/Studio/7.0/Packs/atmel/ATmega_DFP/1.7.374/gcc/dev/atmega64/avr5/crtatmega64.o
 *(.init9)
 *(.text)
 .text          0x00001344        0x4 C:/Program Files (x86)/Atmel/Studio/7.0/Packs/atmel/ATmega_DFP/1.7.374/gcc/dev/atmega64/avr5/crtatmega64.o
                0x00001344                __vector_22
                0x00001344                __vector_28
                0x00001344                __vector_1
                0x00001344                __vector_32
                0x00001344                __vector_34
                0x00001344                __vector_24
                0x00001344                __vector_12
                0x00001344                __bad_interrupt
                0x00001344                __vector_6
                0x00001344                __vector_3
                0x00001344                __vector_23
                0x00001344                __vector_25
                0x00001344                __vector_11
                0x00001344                __vector_13
                0x00001344                __vector_17
                0x00001344                __vector_7
                0x00001344                __vector_27
                0x00001344                __vector_5
                0x00001344                __vector_4
                0x00001344                __vector_9
                0x00001344                __vector_2
                0x00001344                __vector_21
                0x00001344                __vector_29
                0x00001344                __vector_8
                0x00001344                __vector_26
                0x00001344                __vector_14
                0x00001344                __vector_10
                0x00001344                __vector_16
                0x00001344                __vector_20
                0x00001348                . = ALIGN (0x2)
 *(.text.*)
 .text.accel_gyro_update
                0x00001348       0x12 Application/Accel_Gyro/Accel_Gyro.o
                0x00001348                accel_gyro_update
 .text.Accel_and_Gyro_init
                0x0000135a       0x1a Application/Accel_Gyro/Accel_Gyro.o
                0x0000135a                Accel_and_Gyro_init
 .text.Accel_and_Gyro_create_task
                0x00001374        0xe Application/Accel_Gyro/Accel_Gyro.o
                0x00001374                Accel_and_Gyro_create_task
 .text.get_acceleration
                0x00001382       0x42 Application/Accel_Gyro/Accel_Gyro.o
                0x00001382                get_acceleration
 .text.get_gyroscope
                0x000013c4       0x42 Application/Accel_Gyro/Accel_Gyro.o
                0x000013c4                get_gyroscope
 .text.CmdLineProcess
                0x00001406       0xb6 Application/CMDLine/cmdline.o
                0x00001406                CmdLineProcess
 .text.Cmd_help
                0x000014bc       0x4c Application/CMDLine/command.o
                0x000014bc                Cmd_help
 .text.command_task_update
                0x00001508       0xb4 Application/CMDLine/command.o
 .text.Cmd_set_temp
                0x000015bc       0x76 Application/CMDLine/command.o
                0x000015bc                Cmd_set_temp
 .text.Cmd_get_temp
                0x00001632      0x182 Application/CMDLine/command.o
                0x00001632                Cmd_get_temp
 .text.Cmd_tec_set_auto_voltage
                0x000017b4       0x7a Application/CMDLine/command.o
                0x000017b4                Cmd_tec_set_auto_voltage
 .text.Cmd_TEC_enable
                0x0000182e       0x34 Application/CMDLine/command.o
                0x0000182e                Cmd_TEC_enable
 .text.Cmd_TEC_disable
                0x00001862       0x7c Application/CMDLine/command.o
                0x00001862                Cmd_TEC_disable
 .text.Cmd_TEC_enable_auto_control
                0x000018de       0x4c Application/CMDLine/command.o
                0x000018de                Cmd_TEC_enable_auto_control
 .text.Cmd_TEC_disable_auto_control
                0x0000192a       0x36 Application/CMDLine/command.o
                0x0000192a                Cmd_TEC_disable_auto_control
 .text.Cmd_tec_get_status
                0x00001960       0x14 Application/CMDLine/command.o
                0x00001960                Cmd_tec_get_status
 .text.Cmd_TEC_log_enable
                0x00001974       0x14 Application/CMDLine/command.o
                0x00001974                Cmd_TEC_log_enable
 .text.Cmd_TEC_log_disable
                0x00001988       0x14 Application/CMDLine/command.o
                0x00001988                Cmd_TEC_log_disable
 .text.Cmd_TEC_set_output
                0x0000199c       0x5e Application/CMDLine/command.o
                0x0000199c                Cmd_TEC_set_output
 .text.Cmd_get_temp_setpoint
                0x000019fa       0x60 Application/CMDLine/command.o
                0x000019fa                Cmd_get_temp_setpoint
 .text.Cmd_ringled_set_RGBW
                0x00001a5a       0x64 Application/CMDLine/command.o
                0x00001a5a                Cmd_ringled_set_RGBW
 .text.Cmd_ringled_get_RGBW
                0x00001abe       0x40 Application/CMDLine/command.o
                0x00001abe                Cmd_ringled_get_RGBW
 .text.Cmd_IRled_set_bright
                0x00001afe       0x54 Application/CMDLine/command.o
                0x00001afe                Cmd_IRled_set_bright
 .text.Cmd_IRled_get_bright
                0x00001b52       0x2c Application/CMDLine/command.o
                0x00001b52                Cmd_IRled_get_bright
 .text.Cmd_get_acceleration_gyroscope
                0x00001b7e       0xea Application/CMDLine/command.o
                0x00001b7e                Cmd_get_acceleration_gyroscope
 .text.Cmd_get_pressure
                0x00001c68       0x2c Application/CMDLine/command.o
                0x00001c68                Cmd_get_pressure
 .text.Cmd_get_parameters
                0x00001c94      0x1a8 Application/CMDLine/command.o
                0x00001c94                Cmd_get_parameters
 .text.command_create_task
                0x00001e3c        0xe Application/CMDLine/command.o
                0x00001e3c                command_create_task
 .text.command_send_splash
                0x00001e4a       0x32 Application/CMDLine/command.o
                0x00001e4a                command_send_splash
 .text.command_init
                0x00001e7c       0x38 Application/CMDLine/command.o
                0x00001e7c                command_init
 .text.COPC_init
                0x00001eb4       0x30 Application/COPC/COPC.o
                0x00001eb4                COPC_init
 .text.COPC_create_task
                0x00001ee4       0x12 Application/COPC/COPC.o
                0x00001ee4                COPC_create_task
 .text.OK_Send  0x00001ef6       0x88 Application/COPC/COPC.o
                0x00001ef6                OK_Send
 .text.copc_iou_set_temp
                0x00001f7e       0x24 Application/COPC/COPC.o
                0x00001f7e                copc_iou_set_temp
 .text.copc_iou_tec_ena
                0x00001fa2       0x18 Application/COPC/COPC.o
                0x00001fa2                copc_iou_tec_ena
 .text.copc_iou_tec_dis
                0x00001fba       0x18 Application/COPC/COPC.o
                0x00001fba                copc_iou_tec_dis
 .text.copc_iou_tec_ena_auto
                0x00001fd2       0x30 Application/COPC/COPC.o
                0x00001fd2                copc_iou_tec_ena_auto
 .text.copc_iou_tec_dis_auto
                0x00002002       0x1a Application/COPC/COPC.o
                0x00002002                copc_iou_tec_dis_auto
 .text.copc_iou_tec_set_output
                0x0000201c       0x26 Application/COPC/COPC.o
                0x0000201c                copc_iou_tec_set_output
 .text.copc_iou_tec_set_auto_vol
                0x00002042       0x24 Application/COPC/COPC.o
                0x00002042                copc_iou_tec_set_auto_vol
 .text.copc_iou_ringled_set_RGBW
                0x00002066       0x1a Application/COPC/COPC.o
                0x00002066                copc_iou_ringled_set_RGBW
 .text.copc_iou_irled_set_bright
                0x00002080       0x1a Application/COPC/COPC.o
                0x00002080                copc_iou_irled_set_bright
 .text.copc_iou_get_temp
                0x0000209a       0xc4 Application/COPC/COPC.o
                0x0000209a                copc_iou_get_temp
 .text.copc_iou_get_temp_setpoint
                0x0000215e       0x9c Application/COPC/COPC.o
                0x0000215e                copc_iou_get_temp_setpoint
 .text.copc_iou_ringled_get_RGBW
                0x000021fa       0x8a Application/COPC/COPC.o
                0x000021fa                copc_iou_ringled_get_RGBW
 .text.copc_iou_irled_get_bright
                0x00002284       0x84 Application/COPC/COPC.o
                0x00002284                copc_iou_irled_get_bright
 .text.copc_iou_get_accel_gyro
                0x00002308       0xce Application/COPC/COPC.o
                0x00002308                copc_iou_get_accel_gyro
 .text.copc_iou_get_press
                0x000023d6       0x84 Application/COPC/COPC.o
                0x000023d6                copc_iou_get_press
 .text.copc_iou_get_param
                0x0000245a      0x1b2 Application/COPC/COPC.o
                0x0000245a                copc_iou_get_param
 .text.COPC_process_command
                0x0000260c       0x8c Application/COPC/COPC.o
                0x0000260c                COPC_process_command
 .text.COPC_task_update
                0x00002698       0x4e Application/COPC/COPC.o
 .text.IR_led_init
                0x000026e6        0xe Application/LED/ir_led.o
                0x000026e6                IR_led_init
 .text.IR_led_set_DutyCyclesPercent
                0x000026f4       0x18 Application/LED/ir_led.o
                0x000026f4                IR_led_set_DutyCyclesPercent
 .text.IR_led_get_Current_DutyCyclesPercent
                0x0000270c        0x6 Application/LED/ir_led.o
                0x0000270c                IR_led_get_Current_DutyCyclesPercent
 .text.ringled_update
                0x00002712        0xc Application/LED/ring_led.o
                0x00002712                ringled_update
 .text.ringled_create_task
                0x0000271e        0xe Application/LED/ring_led.o
                0x0000271e                ringled_create_task
 .text.status_led_led1_off
                0x0000272c        0xc Application/LED/status_led.o
 .text.status_led_update
                0x00002738       0xb4 Application/LED/status_led.o
                0x00002738                status_led_update
 .text.status_led_init
                0x000027ec       0x48 Application/LED/status_led.o
                0x000027ec                status_led_init
 .text.status_led_create_task
                0x00002834        0xe Application/LED/status_led.o
                0x00002834                status_led_create_task
 .text.main     0x00002842       0x56 Application/main.o
                0x00002842                main
 .text.pressure_update
                0x00002898        0x6 Application/Pressure/Pressure.o
                0x00002898                pressure_update
 .text.Pressure_init
                0x0000289e       0x1a Application/Pressure/Pressure.o
                0x0000289e                Pressure_init
 .text.Pressure_create_task
                0x000028b8        0xe Application/Pressure/Pressure.o
                0x000028b8                Pressure_create_task
 .text.get_pressure
                0x000028c6        0x6 Application/Pressure/Pressure.o
                0x000028c6                get_pressure
 .text.temperature_create_task
                0x000028cc        0xe Application/Temperature/temperature.o
                0x000028cc                temperature_create_task
 .text.temperature_set_point
                0x000028da       0x12 Application/Temperature/temperature.o
                0x000028da                temperature_set_point
 .text.temperature_get_NTC
                0x000028ec       0x12 Application/Temperature/temperature.o
                0x000028ec                temperature_get_NTC
 .text.temperature_get_onewire
                0x000028fe       0x12 Application/Temperature/temperature.o
                0x000028fe                temperature_get_onewire
 .text.temperature_get_bmp390
                0x00002910        0xa Application/Temperature/temperature.o
                0x00002910                temperature_get_bmp390
 .text.temperature_enable_TEC
                0x0000291a       0x26 Application/Temperature/temperature.o
                0x0000291a                temperature_enable_TEC
 .text.temperature_disable_TEC
                0x00002940       0x28 Application/Temperature/temperature.o
                0x00002940                temperature_disable_TEC
 .text.temperature_disable_auto_control_TEC
                0x00002968       0x28 Application/Temperature/temperature.o
                0x00002968                temperature_disable_auto_control_TEC
 .text.temperature_set_TEC_output
                0x00002990       0x88 Application/Temperature/temperature.o
                0x00002990                temperature_set_TEC_output
 .text.temperature_init
                0x00002a18       0x30 Application/Temperature/temperature.o
                0x00002a18                temperature_init
 .text.temperature_TEC_hysteris_control_heating
                0x00002a48      0x1bc Application/Temperature/temperature.o
                0x00002a48                temperature_TEC_hysteris_control_heating
 .text.temperature_TEC_hysteris_control_cooling
                0x00002c04      0x1c4 Application/Temperature/temperature.o
                0x00002c04                temperature_TEC_hysteris_control_cooling
 .text.temperature_enable_auto_control_TEC
                0x00002dc8       0x46 Application/Temperature/temperature.o
                0x00002dc8                temperature_enable_auto_control_TEC
 .text.temperature_get_setpoint
                0x00002e0e       0x12 Application/Temperature/temperature.o
                0x00002e0e                temperature_get_setpoint
 .text.temperature_get_voltage
                0x00002e20       0x12 Application/Temperature/temperature.o
                0x00002e20                temperature_get_voltage
 .text.temperature_set_auto_voltage
                0x00002e32       0x12 Application/Temperature/temperature.o
                0x00002e32                temperature_set_auto_voltage
 .text.temperature_get_status
                0x00002e44       0x80 Application/Temperature/temperature.o
                0x00002e44                temperature_get_status
 .text.temperature_task_update
                0x00002ec4      0x122 Application/Temperature/temperature.o
 .text.temperature_enable_log
                0x00002fe6        0x8 Application/Temperature/temperature.o
                0x00002fe6                temperature_enable_log
 .text.temperature_disable_log
                0x00002fee        0x6 Application/Temperature/temperature.o
                0x00002fee                temperature_disable_log
 .text.watchdog_pulse
                0x00002ff4        0x6 Application/WATCHDOG/watchdog.o
 .text.watchdog_init
                0x00002ffa        0x6 Application/WATCHDOG/watchdog.o
                0x00002ffa                watchdog_init
 .text.watchdog_create_timer
                0x00003000       0x16 Application/WATCHDOG/watchdog.o
                0x00003000                watchdog_create_timer
 .text.init_adc
                0x00003016        0xc BSP/ADC/AD.o
                0x00003016                init_adc
 .text.adc_read
                0x00003022       0x1e BSP/ADC/AD.o
                0x00003022                adc_read
 .text.pwm1_init
                0x00003040       0x88 BSP/PWM/PWM.o
                0x00003040                pwm1_init
 .text.pwm1_set_DutyCyclePercent
                0x000030c8       0x30 BSP/PWM/PWM.o
                0x000030c8                pwm1_set_DutyCyclePercent
 .text.SPI_Init
                0x000030f8       0x14 BSP/SPI/spi.o
                0x000030f8                SPI_Init
 .text.SPI_SendByte
                0x0000310c        0xa BSP/SPI/spi.o
                0x0000310c                SPI_SendByte
 .text.timer_start_timer0
                0x00003116       0x10 BSP/Timer/timer.o
                0x00003116                timer_start_timer0
 .text.timer_timer0_init
                0x00003126        0xe BSP/Timer/timer.o
                0x00003126                timer_timer0_init
 .text.twi_start
                0x00003134       0x1a BSP/TWI/twi.o
                0x00003134                twi_start
 .text.twi_stop
                0x0000314e       0x1a BSP/TWI/twi.o
                0x0000314e                twi_stop
 .text.twi_write
                0x00003168       0x1e BSP/TWI/twi.o
                0x00003168                twi_write
 .text.twi_read_ack
                0x00003186       0x1e BSP/TWI/twi.o
                0x00003186                twi_read_ack
 .text.twi_read_nack
                0x000031a4       0x1e BSP/TWI/twi.o
                0x000031a4                twi_read_nack
 .text.twi_releaseBus
                0x000031c2        0xc BSP/TWI/twi.o
                0x000031c2                twi_releaseBus
 .text.__vector_33
                0x000031ce      0x242 BSP/TWI/twi.o
                0x000031ce                __vector_33
 .text.rbuffer_init
                0x00003410       0x18 BSP/UART/uart.o
                0x00003410                rbuffer_init
 .text.rbuffer_empty
                0x00003428       0x10 BSP/UART/uart.o
                0x00003428                rbuffer_empty
 .text.rbuffer_insert
                0x00003438       0x28 BSP/UART/uart.o
                0x00003438                rbuffer_insert
 .text.rbuffer_remove
                0x00003460       0x2a BSP/UART/uart.o
                0x00003460                rbuffer_remove
 .text.usart0_init
                0x0000348a       0x38 BSP/UART/uart.o
                0x0000348a                usart0_init
 .text.usart0_send_char
                0x000034c2       0x20 BSP/UART/uart.o
                0x000034c2                usart0_send_char
 .text.usart0_send_string
                0x000034e2       0x1e BSP/UART/uart.o
                0x000034e2                usart0_send_string
 .text.usart0_send_array
                0x00003500       0x32 BSP/UART/uart.o
                0x00003500                usart0_send_array
 .text.usart0_send_string_P
                0x00003532       0x24 BSP/UART/uart.o
                0x00003532                usart0_send_string_P
 .text.uart_get_uart0_rx_buffer_address
                0x00003556        0xa BSP/UART/uart.o
                0x00003556                uart_get_uart0_rx_buffer_address
 .text.usart1_init
                0x00003560       0x46 BSP/UART/uart.o
                0x00003560                usart1_init
 .text.usart1_send_char
                0x000035a6       0x28 BSP/UART/uart.o
                0x000035a6                usart1_send_char
 .text.usart1_send_array
                0x000035ce       0x32 BSP/UART/uart.o
                0x000035ce                usart1_send_array
 .text.uart_get_uart1_rx_buffer_address
                0x00003600        0xa BSP/UART/uart.o
                0x00003600                uart_get_uart1_rx_buffer_address
 .text.__vector_18
                0x0000360a       0x88 BSP/UART/uart.o
                0x0000360a                __vector_18
 .text.__vector_19
                0x00003692       0x66 BSP/UART/uart.o
                0x00003692                __vector_19
 .text.__vector_30
                0x000036f8       0x8e BSP/UART/uart.o
                0x000036f8                __vector_30
 .text.__vector_31
                0x00003786       0x70 BSP/UART/uart.o
                0x00003786                __vector_31
 .text.UARTvprintf
                0x000037f6      0x6b0 BSP/UART/uart.o
                0x000037f6                UARTvprintf
 .text.UARTprintf
                0x00003ea6       0x20 BSP/UART/uart.o
                0x00003ea6                UARTprintf
 .text.BMP390_read_raw_calibration
                0x00003ec6      0x118 Devices/BMP390/BMP390.o
                0x00003ec6                BMP390_read_raw_calibration
 .text.BMP390_convert_calibration
                0x00003fde      0x22e Devices/BMP390/BMP390.o
                0x00003fde                BMP390_convert_calibration
 .text.BMP390_set_mode
                0x0000420c       0x54 Devices/BMP390/BMP390.o
                0x0000420c                BMP390_set_mode
 .text.BMP390_init
                0x00004260       0x20 Devices/BMP390/BMP390.o
                0x00004260                BMP390_init
 .text.BMP390_read_raw_temp_press
                0x00004280       0xba Devices/BMP390/BMP390.o
                0x00004280                BMP390_read_raw_temp_press
 .text.BMP390_compensate_temperature
                0x0000433a       0x90 Devices/BMP390/BMP390.o
                0x0000433a                BMP390_compensate_temperature
 .text.BMP390_compensate_pressure
                0x000043ca      0x268 Devices/BMP390/BMP390.o
                0x000043ca                BMP390_compensate_pressure
 .text.BMP390_temp_press_update
                0x00004632       0x1e Devices/BMP390/BMP390.o
                0x00004632                BMP390_temp_press_update
 .text.get_BMP390_temperature
                0x00004650       0x18 Devices/BMP390/BMP390.o
                0x00004650                get_BMP390_temperature
 .text.get_BMP390_pressure
                0x00004668       0x18 Devices/BMP390/BMP390.o
                0x00004668                get_BMP390_pressure
 .text.lsm6dsox_write_register
                0x00004680       0x2a Devices/LSM6DSOX/LSM6DSOX.o
                0x00004680                lsm6dsox_write_register
 .text.lsm6dsox_read_register
                0x000046aa       0x32 Devices/LSM6DSOX/LSM6DSOX.o
                0x000046aa                lsm6dsox_read_register
 .text.lsm6dsox_init
                0x000046dc       0x22 Devices/LSM6DSOX/LSM6DSOX.o
                0x000046dc                lsm6dsox_init
 .text.read_accel
                0x000046fe       0xc6 Devices/LSM6DSOX/LSM6DSOX.o
                0x000046fe                read_accel
 .text.read_gyro
                0x000047c4       0xea Devices/LSM6DSOX/LSM6DSOX.o
                0x000047c4                read_gyro
 .text.MCP4921_init
                0x000048ae       0x10 Devices/MCP4921/MCP4921.o
                0x000048ae                MCP4921_init
 .text.MCP4291_AssertSS
                0x000048be       0x20 Devices/MCP4921/MCP4921.o
                0x000048be                MCP4291_AssertSS
 .text.MCP4291_DeassertSS
                0x000048de       0x20 Devices/MCP4921/MCP4921.o
                0x000048de                MCP4291_DeassertSS
 .text.MCP4291_assert_LDAC
                0x000048fe        0x4 Devices/MCP4921/MCP4921.o
                0x000048fe                MCP4291_assert_LDAC
 .text.MCP4291_deassert_LDAC
                0x00004902        0x4 Devices/MCP4921/MCP4921.o
                0x00004902                MCP4291_deassert_LDAC
 .text.MCP4291_set_output
                0x00004906      0x126 Devices/MCP4921/MCP4921.o
                0x00004906                MCP4291_set_output
 .text.get_NTC_temperature_using_table
                0x00004a2c       0x14 Devices/NTC/ntc_10k.o
                0x00004a2c                get_NTC_temperature_using_table
 .text.ringled_show
                0x00004a40       0x66 Devices/LED_RING/SK6812.o
                0x00004a40                ringled_show
 .text.ringled_clear
                0x00004aa6       0x24 Devices/LED_RING/SK6812.o
                0x00004aa6                ringled_clear
 .text.ringled_init
                0x00004aca       0x10 Devices/LED_RING/SK6812.o
                0x00004aca                ringled_init
 .text.ringled_set_RGBW
                0x00004ada       0x30 Devices/LED_RING/SK6812.o
                0x00004ada                ringled_set_RGBW
 .text.ringled_get_RGBW
                0x00004b0a       0x12 Devices/LED_RING/SK6812.o
                0x00004b0a                ringled_get_RGBW
 .text.TEC_init
                0x00004b1c       0x12 Devices/TEC/TEC.o
                0x00004b1c                TEC_init
 .text.TEC_enable
                0x00004b2e       0x34 Devices/TEC/TEC.o
                0x00004b2e                TEC_enable
 .text.TEC_shutdown
                0x00004b62       0x34 Devices/TEC/TEC.o
                0x00004b62                TEC_shutdown
 .text.TPL5010_init
                0x00004b96        0xa Devices/TPL5010/TPL5010.o
                0x00004b96                TPL5010_init
 .text.TPL5010_done_pulse
                0x00004ba0        0x6 Devices/TPL5010/TPL5010.o
                0x00004ba0                TPL5010_done_pulse
 .text.SCH_Initialize
                0x00004ba6       0x40 Scheduler/scheduler.o
                0x00004ba6                SCH_Initialize
 .text.SCH_TIM_Start
                0x00004be6       0x16 Scheduler/scheduler.o
                0x00004be6                SCH_TIM_Start
 .text.SCH_TIM_HasCompleted
                0x00004bfc       0x1a Scheduler/scheduler.o
                0x00004bfc                SCH_TIM_HasCompleted
 .text.SCH_TASK_CreateTask
                0x00004c16       0x68 Scheduler/scheduler.o
                0x00004c16                SCH_TASK_CreateTask
 .text.SCH_TIM_CreateTimer
                0x00004c7e       0x62 Scheduler/scheduler.o
                0x00004c7e                SCH_TIM_CreateTimer
 .text.SCH_TIM_RestartTimer
                0x00004ce0       0x34 Scheduler/scheduler.o
                0x00004ce0                SCH_TIM_RestartTimer
 .text.SCH_RunSystemTickTimer
                0x00004d14      0x104 Scheduler/scheduler.o
                0x00004d14                SCH_RunSystemTickTimer
 .text.SCH_StartSchedular
                0x00004e18        0x6 Scheduler/scheduler.o
                0x00004e18                SCH_StartSchedular
 .text.SCH_HandleScheduledTask
                0x00004e1e       0xda Scheduler/scheduler.o
                0x00004e1e                SCH_HandleScheduledTask
 .text.__vector_15
                0x00004ef8       0x48 Scheduler/scheduler.o
                0x00004ef8                __vector_15
 .text.crc16_CCITT
                0x00004f40       0x52 ThirdParty/libsfp/crc16.o
                0x00004f40                crc16_CCITT
 .text.fsp_init
                0x00004f92        0xa ThirdParty/libsfp/fsp.o
                0x00004f92                fsp_init
 .text.fsp_gen_pkt
                0x00004f9c       0x74 ThirdParty/libsfp/fsp.o
                0x00004f9c                fsp_gen_pkt
 .text.fsp_gen_cmd_w_data_pkt
                0x00005010       0x3a ThirdParty/libsfp/fsp.o
                0x00005010                fsp_gen_cmd_w_data_pkt
 .text.fsp_encode
                0x0000504a      0x1ce ThirdParty/libsfp/fsp.o
                0x0000504a                fsp_encode
 .text.fsp_decode
                0x00005218      0x116 ThirdParty/libsfp/fsp.o
                0x00005218                fsp_decode
 .text.avr-libc.fplib
                0x0000532e        0xe c:/program files (x86)/atmel/studio/7.0/toolchain/avr8/avr8-gnu-toolchain/bin/../lib/gcc/avr/5.4.0/../../../../avr/lib/avr5\libm.a(addsf3.o)
                0x0000532e                __subsf3
                0x00005330                __addsf3
 .text.avr-libc.fplib
                0x0000533c       0xcc c:/program files (x86)/atmel/studio/7.0/toolchain/avr8/avr8-gnu-toolchain/bin/../lib/gcc/avr/5.4.0/../../../../avr/lib/avr5\libm.a(addsf3x.o)
                0x0000535e                __addsf3x
 .text.avr-libc.fplib
                0x00005408        0x8 c:/program files (x86)/atmel/studio/7.0/toolchain/avr8/avr8-gnu-toolchain/bin/../lib/gcc/avr/5.4.0/../../../../avr/lib/avr5\libm.a(divsf3.o)
                0x00005408                __divsf3
 .text.avr-libc.fplib
                0x00005410       0xdc c:/program files (x86)/atmel/studio/7.0/toolchain/avr8/avr8-gnu-toolchain/bin/../lib/gcc/avr/5.4.0/../../../../avr/lib/avr5\libm.a(divsf3x.o)
                0x00005430                __divsf3x
                0x00005436                __divsf3_pse
 .text.avr-libc.fplib
                0x000054ec        0xe c:/program files (x86)/atmel/studio/7.0/toolchain/avr8/avr8-gnu-toolchain/bin/../lib/gcc/avr/5.4.0/../../../../avr/lib/avr5\libm.a(fixsfsi.o)
                0x000054ec                __fixsfsi
 .text.avr-libc.fplib
                0x000054fa       0x5e c:/program files (x86)/atmel/studio/7.0/toolchain/avr8/avr8-gnu-toolchain/bin/../lib/gcc/avr/5.4.0/../../../../avr/lib/avr5\libm.a(fixunssfsi.o)
                0x000054fa                __fixunssfsi
 .text.avr-libc.fplib
                0x00005558       0x7a c:/program files (x86)/atmel/studio/7.0/toolchain/avr8/avr8-gnu-toolchain/bin/../lib/gcc/avr/5.4.0/../../../../avr/lib/avr5\libm.a(floatsisf.o)
                0x00005558                __floatunsisf
                0x0000555c                __floatsisf
 .text.avr-libc.fplib
                0x000055d2        0xc c:/program files (x86)/atmel/studio/7.0/toolchain/avr8/avr8-gnu-toolchain/bin/../lib/gcc/avr/5.4.0/../../../../avr/lib/avr5\libm.a(fp_inf.o)
                0x000055d2                __fp_inf
 .text.avr-libc.fplib
                0x000055de        0x6 c:/program files (x86)/atmel/studio/7.0/toolchain/avr8/avr8-gnu-toolchain/bin/../lib/gcc/avr/5.4.0/../../../../avr/lib/avr5\libm.a(fp_nan.o)
                0x000055de                __fp_nan
 .text.avr-libc.fplib
                0x000055e4        0xe c:/program files (x86)/atmel/studio/7.0/toolchain/avr8/avr8-gnu-toolchain/bin/../lib/gcc/avr/5.4.0/../../../../avr/lib/avr5\libm.a(fp_pscA.o)
                0x000055e4                __fp_pscA
 .text.avr-libc.fplib
                0x000055f2        0xe c:/program files (x86)/atmel/studio/7.0/toolchain/avr8/avr8-gnu-toolchain/bin/../lib/gcc/avr/5.4.0/../../../../avr/lib/avr5\libm.a(fp_pscB.o)
                0x000055f2                __fp_pscB
 .text.avr-libc.fplib
                0x00005600       0x22 c:/program files (x86)/atmel/studio/7.0/toolchain/avr8/avr8-gnu-toolchain/bin/../lib/gcc/avr/5.4.0/../../../../avr/lib/avr5\libm.a(fp_round.o)
                0x00005600                __fp_round
 .text.avr-libc.fplib
                0x00005622       0x44 c:/program files (x86)/atmel/studio/7.0/toolchain/avr8/avr8-gnu-toolchain/bin/../lib/gcc/avr/5.4.0/../../../../avr/lib/avr5\libm.a(fp_split3.o)
                0x00005622                __fp_split3
                0x00005632                __fp_splitA
 .text.avr-libc.fplib
                0x00005666        0xe c:/program files (x86)/atmel/studio/7.0/toolchain/avr8/avr8-gnu-toolchain/bin/../lib/gcc/avr/5.4.0/../../../../avr/lib/avr5\libm.a(fp_zero.o)
                0x00005666                __fp_zero
                0x00005668                __fp_szero
 .text.avr-libc.fplib
                0x00005674        0x8 c:/program files (x86)/atmel/studio/7.0/toolchain/avr8/avr8-gnu-toolchain/bin/../lib/gcc/avr/5.4.0/../../../../avr/lib/avr5\libm.a(mulsf3.o)
                0x00005674                __mulsf3
 .text.avr-libc.fplib
                0x0000567c       0xd2 c:/program files (x86)/atmel/studio/7.0/toolchain/avr8/avr8-gnu-toolchain/bin/../lib/gcc/avr/5.4.0/../../../../avr/lib/avr5\libm.a(mulsf3x.o)
                0x0000569a                __mulsf3x
                0x000056a0                __mulsf3_pse
 .text.avr-libc
                0x0000574e      0x6fa c:/program files (x86)/atmel/studio/7.0/toolchain/avr8/avr8-gnu-toolchain/bin/../lib/gcc/avr/5.4.0/../../../../avr/lib/avr5\libprintf_flt.a(vfprintf_flt.o)
                0x0000574e                vfprintf
 .text.libgcc.mul
                0x00005e48       0x20 c:/program files (x86)/atmel/studio/7.0/toolchain/avr8/avr8-gnu-toolchain/bin/../lib/gcc/avr/5.4.0/avr5\libgcc.a(_mulsi3.o)
                0x00005e48                __mulsi3
 .text.libgcc.div
                0x00005e68       0x44 c:/program files (x86)/atmel/studio/7.0/toolchain/avr8/avr8-gnu-toolchain/bin/../lib/gcc/avr/5.4.0/avr5\libgcc.a(_udivmodsi4.o)
                0x00005e68                __udivmodsi4
 .text.libgcc   0x00005eac        0xc c:/program files (x86)/atmel/studio/7.0/toolchain/avr8/avr8-gnu-toolchain/bin/../lib/gcc/avr/5.4.0/avr5\libgcc.a(_tablejump2.o)
                0x00005eac                __tablejump2__
 .text.libgcc.mul
                0x00005eb8       0x16 c:/program files (x86)/atmel/studio/7.0/toolchain/avr8/avr8-gnu-toolchain/bin/../lib/gcc/avr/5.4.0/avr5\libgcc.a(_muluhisi3.o)
                0x00005eb8                __muluhisi3
 .text.libgcc.prologue
                0x00005ece       0x38 c:/program files (x86)/atmel/studio/7.0/toolchain/avr8/avr8-gnu-toolchain/bin/../lib/gcc/avr/5.4.0/avr5\libgcc.a(_prologue.o)
                0x00005ece                __prologue_saves__
 .text.libgcc.prologue
                0x00005f06       0x36 c:/program files (x86)/atmel/studio/7.0/toolchain/avr8/avr8-gnu-toolchain/bin/../lib/gcc/avr/5.4.0/avr5\libgcc.a(_epilogue.o)
                0x00005f06                __epilogue_restores__
 .text.libgcc.mul
                0x00005f3c       0x1e c:/program files (x86)/atmel/studio/7.0/toolchain/avr8/avr8-gnu-toolchain/bin/../lib/gcc/avr/5.4.0/avr5\libgcc.a(_umulhisi3.o)
                0x00005f3c                __umulhisi3
 .text.avr-libc
                0x00005f5a       0x3c c:/program files (x86)/atmel/studio/7.0/toolchain/avr8/avr8-gnu-toolchain/bin/../lib/gcc/avr/5.4.0/../../../../avr/lib/avr5\libc.a(atoi.o)
                0x00005f5a                atoi
 .text.avr-libc
                0x00005f96      0x1b0 c:/program files (x86)/atmel/studio/7.0/toolchain/avr8/avr8-gnu-toolchain/bin/../lib/gcc/avr/5.4.0/../../../../avr/lib/avr5\libc.a(ftoa_engine.o)
                0x00005f96                __ftoa_engine
 .text.avr-libc
                0x00006146       0x16 c:/program files (x86)/atmel/studio/7.0/toolchain/avr8/avr8-gnu-toolchain/bin/../lib/gcc/avr/5.4.0/../../../../avr/lib/avr5\libc.a(strnlen_P.o)
                0x00006146                strnlen_P
 .text.avr-libc
                0x0000615c       0x12 c:/program files (x86)/atmel/studio/7.0/toolchain/avr8/avr8-gnu-toolchain/bin/../lib/gcc/avr/5.4.0/../../../../avr/lib/avr5\libc.a(strcmp.o)
                0x0000615c                strcmp
 .text.avr-libc
                0x0000616e       0x16 c:/program files (x86)/atmel/studio/7.0/toolchain/avr8/avr8-gnu-toolchain/bin/../lib/gcc/avr/5.4.0/../../../../avr/lib/avr5\libc.a(strnlen.o)
                0x0000616e                strnlen
 .text.avr-libc
                0x00006184       0x10 c:/program files (x86)/atmel/studio/7.0/toolchain/avr8/avr8-gnu-toolchain/bin/../lib/gcc/avr/5.4.0/../../../../avr/lib/avr5\libc.a(mul10.o)
                0x00006184                __mulhi_const_10
 .text.avr-libc
                0x00006194       0x78 c:/program files (x86)/atmel/studio/7.0/toolchain/avr8/avr8-gnu-toolchain/bin/../lib/gcc/avr/5.4.0/../../../../avr/lib/avr5\libc.a(fputc.o)
                0x00006194                fputc
 .text.avr-libc
                0x0000620c       0x44 c:/program files (x86)/atmel/studio/7.0/toolchain/avr8/avr8-gnu-toolchain/bin/../lib/gcc/avr/5.4.0/../../../../avr/lib/avr5\libc.a(sprintf.o)
                0x0000620c                sprintf
 .text.avr-libc
                0x00006250       0xbc c:/program files (x86)/atmel/studio/7.0/toolchain/avr8/avr8-gnu-toolchain/bin/../lib/gcc/avr/5.4.0/../../../../avr/lib/avr5\libc.a(ultoa_invert.o)
                0x00006250                __ultoa_invert
                0x0000630c                . = ALIGN (0x2)
 *(.fini9)
 .fini9         0x0000630c        0x0 c:/program files (x86)/atmel/studio/7.0/toolchain/avr8/avr8-gnu-toolchain/bin/../lib/gcc/avr/5.4.0/avr5\libgcc.a(_exit.o)
                0x0000630c                _exit
                0x0000630c                exit
 *(.fini9)
 *(.fini8)
 *(.fini8)
 *(.fini7)
 *(.fini7)
 *(.fini6)
 *(.fini6)
 *(.fini5)
 *(.fini5)
 *(.fini4)
 *(.fini4)
 *(.fini3)
 *(.fini3)
 *(.fini2)
 *(.fini2)
 *(.fini1)
 *(.fini1)
 *(.fini0)
 .fini0         0x0000630c        0x4 c:/program files (x86)/atmel/studio/7.0/toolchain/avr8/avr8-gnu-toolchain/bin/../lib/gcc/avr/5.4.0/avr5\libgcc.a(_exit.o)
 *(.fini0)
                0x00006310                _etext = .

.data           0x00800100      0x9ca load address 0x00006310
                0x00800100                PROVIDE (__data_start, .)
 *(.data)
 *(.data*)
 .data.s_accel_gyro_task_context
                0x00800100        0x7 Application/Accel_Gyro/Accel_Gyro.o
 .data.s_CommandTaskContext
                0x00800107        0x7 Application/CMDLine/command.o
 .data.g_psCmdTable
                0x0080010e       0x7e Application/CMDLine/command.o
                0x0080010e                g_psCmdTable
 .data.ErrorCode
                0x0080018c        0xa Application/CMDLine/command.o
                0x0080018c                ErrorCode
 .data.s_COPC_task_context
                0x00800196        0x7 Application/COPC/COPC.o
 .data.s_ringled_task_context
                0x0080019d        0x7 Application/LED/ring_led.o
 .data.s_task_context
                0x008001a4        0x7 Application/LED/status_led.o
 .data.s_pressure_task_context
                0x008001ab        0x7 Application/Pressure/Pressure.o
 .data.s_Temperature_CurrentState
                0x008001b2       0x2c Application/Temperature/temperature.o
 .data.s_temperature_task_context
                0x008001de        0x7 Application/Temperature/temperature.o
 .data.s_WatchdogTimerContext
                0x008001e5        0x6 Application/WATCHDOG/watchdog.o
 .data.p_UART1_meta
                0x008001eb        0x2 BSP/UART/uart.o
                0x008001eb                p_UART1_meta
 .data.p_UART0_meta
                0x008001ed        0x2 BSP/UART/uart.o
                0x008001ed                p_UART0_meta
 *(.gnu.linkonce.d*)
 *(.rodata)
 *(.rodata*)
 .rodata.str1.1
                0x008001ef       0x1c Application/Accel_Gyro/Accel_Gyro.o
 .rodata.str1.1
                0x0080020b      0x7f5 Application/CMDLine/command.o
                                0x84d (size before relaxing)
 .rodata.str1.1
                0x00800a00       0x18 Application/COPC/COPC.o
 .rodata.str1.1
                0x00800a18       0x1a Application/Pressure/Pressure.o
 .rodata.str1.1
                0x00800a32       0x80 Application/Temperature/temperature.o
 .rodata.str1.1
                0x00800ab2       0x17 BSP/UART/uart.o
                                 0x19 (size before relaxing)
 *(.gnu.linkonce.r*)
                0x00800aca                . = ALIGN (0x2)
 *fill*         0x00800ac9        0x1 
                0x00800aca                _edata = .
                0x00800aca                PROVIDE (__data_end, .)

.bss            0x00800aca      0x33c
                0x00800aca                PROVIDE (__bss_start, .)
 *(.bss)
 *(.bss*)
 .bss.g_ppcArgv
                0x00800aca       0x12 Application/CMDLine/cmdline.o
 .bss.s_commandBufferIndex
                0x00800adc        0x1 Application/CMDLine/command.o
 .bss.s_commandBuffer
                0x00800add       0x40 Application/CMDLine/command.o
 .bss.p_CommandRingBuffer
                0x00800b1d        0x2 Application/CMDLine/command.o
 .bss.swap_byte
                0x00800b1f        0x1 Application/COPC/COPC.o
                0x00800b1f                swap_byte
 .bss.s_pIOU_Sfp_Payload
                0x00800b20        0x2 Application/COPC/COPC.o
 .bss.s_pCOPC_Sfp_Payload
                0x00800b22        0x2 Application/COPC/COPC.o
 .bss.s_IOU_FspPacket
                0x00800b24       0x33 Application/COPC/COPC.o
 .bss.s_COPC_FspPacket
                0x00800b57       0x33 Application/COPC/COPC.o
 .bss.p_COPCBuffer
                0x00800b8a        0x2 Application/COPC/COPC.o
 .bss.IR_led_DutyCycle_status
                0x00800b8c        0x1 Application/LED/ir_led.o
 .bss.s_led_display_status
                0x00800b8d        0x3 Application/LED/status_led.o
 .bss.sPrintLog
                0x00800b90        0x1 Application/Temperature/temperature.o
 .bss.sTemperatureTimeCount
                0x00800b91        0x4 Application/Temperature/temperature.o
 .bss.twi_error
                0x00800b95        0x1 BSP/TWI/twi.o
 .bss.twi_slv_rxBufferIndex
                0x00800b96        0x1 BSP/TWI/twi.o
 .bss.twi_slv_rxBuffer
                0x00800b97        0x8 BSP/TWI/twi.o
 .bss.twi_slv_txBufferLength
                0x00800b9f        0x1 BSP/TWI/twi.o
 .bss.twi_slv_txBufferIndex
                0x00800ba0        0x1 BSP/TWI/twi.o
 .bss.twi_slv_txBuffer
                0x00800ba1        0x8 BSP/TWI/twi.o
 .bss.twi_master_rxBufferLength
                0x00800ba9        0x1 BSP/TWI/twi.o
 .bss.twi_master_rxBufferIndex
                0x00800baa        0x1 BSP/TWI/twi.o
 .bss.twi_master_rxBuffer
                0x00800bab        0x8 BSP/TWI/twi.o
 .bss.twi_master_txBufferLength
                0x00800bb3        0x1 BSP/TWI/twi.o
 .bss.twi_master_txBufferIndex
                0x00800bb4        0x1 BSP/TWI/twi.o
 .bss.twi_master_txBuffer
                0x00800bb5        0x8 BSP/TWI/twi.o
 .bss.twi_onSlaveReceive
                0x00800bbd        0x2 BSP/TWI/twi.o
 .bss.twi_onSlaveTransmit
                0x00800bbf        0x2 BSP/TWI/twi.o
 .bss.twi_inRepStart
                0x00800bc1        0x1 BSP/TWI/twi.o
 .bss.twi_sendStop
                0x00800bc2        0x1 BSP/TWI/twi.o
 .bss.twi_slarw
                0x00800bc3        0x1 BSP/TWI/twi.o
 .bss.twi_state
                0x00800bc4        0x1 BSP/TWI/twi.o
 .bss.s_NumOfTimers
                0x00800bc5        0x1 Scheduler/scheduler.o
 .bss.s_TimerContext
                0x00800bc6       0x1e Scheduler/scheduler.o
 .bss.s_NumOfTaskScheduled
                0x00800be4        0x1 Scheduler/scheduler.o
 .bss.s_TaskContext
                0x00800be5       0x3c Scheduler/scheduler.o
 .bss.fsp_decode_pos
                0x00800c21        0x1 ThirdParty/libsfp/fsp.o
                0x00800c21                fsp_decode_pos
 *(COMMON)
 COMMON         0x00800c22        0xc Application/Accel_Gyro/Accel_Gyro.o
                0x00800c22                Gyro_Status
                0x00800c28                Accel_Status
 COMMON         0x00800c2e       0x28 Application/CMDLine/command.o
                0x00800c2e                colorMap
 COMMON         0x00800c56      0x110 BSP/UART/uart.o
                0x00800c56                UART1_meta
                0x00800cde                UART0_meta
 COMMON         0x00800d66       0x34 Data_struct/IOU_data.o
                0x00800d66                IOU_data
 COMMON         0x00800d9a       0x60 Devices/BMP390/BMP390.o
                0x00800d9a                tmp
                0x00800d9c                TempPress_data
 COMMON         0x00800dfa        0x1 Devices/LSM6DSOX/LSM6DSOX.o
                0x00800dfa                result
 COMMON         0x00800dfb        0x4 Devices/LED_RING/SK6812.o
                0x00800dfb                status_rgbw_color
 COMMON         0x00800dff        0x6 Scheduler/scheduler.o
                0x00800dff                s_SystemTick
                0x00800e01                s_SoftTimers
 COMMON         0x00800e05        0x1 ThirdParty/libsfp/fsp.o
                0x00800e05                fsp_my_adr
                0x00800e06                PROVIDE (__bss_end, .)
                0x00006310                __data_load_start = LOADADDR (.data)
                0x00006cda                __data_load_end = (__data_load_start + SIZEOF (.data))

.noinit         0x00800e06        0x0
                [!provide]                PROVIDE (__noinit_start, .)
 *(.noinit*)
                [!provide]                PROVIDE (__noinit_end, .)
                0x00800e06                _end = .
                [!provide]                PROVIDE (__heap_start, .)

.eeprom         0x00810000        0x0
 *(.eeprom*)
                0x00810000                __eeprom_end = .

.fuse
 *(.fuse)
 *(.lfuse)
 *(.hfuse)
 *(.efuse)

.lock
 *(.lock*)

.signature
 *(.signature*)

.user_signatures
 *(.user_signatures*)

.stab
 *(.stab)

.stabstr
 *(.stabstr)

.stab.excl
 *(.stab.excl)

.stab.exclstr
 *(.stab.exclstr)

.stab.index
 *(.stab.index)

.stab.indexstr
 *(.stab.indexstr)

.comment        0x00000000       0x5c
 *(.comment)
 .comment       0x00000000       0x30 Application/Accel_Gyro/Accel_Gyro.o
                                 0x31 (size before relaxing)
 .comment       0x00000030       0x31 Application/CMDLine/cmdline.o
 .comment       0x00000030       0x31 Application/CMDLine/command.o
 .comment       0x00000030       0x31 Application/COPC/COPC.o
 .comment       0x00000030       0x31 Application/LED/ir_led.o
 .comment       0x00000030       0x31 Application/LED/ring_led.o
 .comment       0x00000030       0x31 Application/LED/status_led.o
 .comment       0x00000030       0x31 Application/main.o
 .comment       0x00000030       0x31 Application/Pressure/Pressure.o
 .comment       0x00000030       0x31 Application/Temperature/temperature.o
 .comment       0x00000030       0x31 Application/WATCHDOG/watchdog.o
 .comment       0x00000030       0x31 BSP/ADC/AD.o
 .comment       0x00000030       0x31 BSP/PWM/PWM.o
 .comment       0x00000030       0x31 BSP/SPI/spi.o
 .comment       0x00000030       0x31 BSP/Timer/timer.o
 .comment       0x00000030       0x31 BSP/TWI/twi.o
 .comment       0x00000030       0x31 BSP/UART/uart.o
 .comment       0x00000030       0x31 Data_struct/IOU_data.o
 .comment       0x00000030       0x31 Devices/BMP390/BMP390.o
 .comment       0x00000030       0x31 Devices/LSM6DSOX/LSM6DSOX.o
 .comment       0x00000030       0x31 Devices/MCP4921/MCP4921.o
 .comment       0x00000030       0x31 Devices/NTC/ntc_10k.o
 .comment       0x00000030       0x31 Devices/LED_RING/SK6812.o
 .comment       0x00000030       0x31 Devices/TEC/TEC.o
 .comment       0x00000030       0x31 Devices/TPL5010/TPL5010.o
 .comment       0x00000030       0x31 Scheduler/scheduler.o
 .comment       0x00000030       0x31 ThirdParty/libsfp/crc16.o
 .comment       0x00000030       0x31 ThirdParty/libsfp/fsp.o
 .comment       0x00000030       0x2c c:/program files (x86)/atmel/studio/7.0/toolchain/avr8/avr8-gnu-toolchain/bin/../lib/gcc/avr/5.4.0/../../../../avr/lib/avr5\libprintf_flt.a(vfprintf_flt.o)
                                 0x2d (size before relaxing)
 .comment       0x0000005c       0x31 c:/program files (x86)/atmel/studio/7.0/toolchain/avr8/avr8-gnu-toolchain/bin/../lib/gcc/avr/5.4.0/../../../../avr/lib/avr5\libc.a(fputc.o)
 .comment       0x0000005c       0x31 c:/program files (x86)/atmel/studio/7.0/toolchain/avr8/avr8-gnu-toolchain/bin/../lib/gcc/avr/5.4.0/../../../../avr/lib/avr5\libc.a(sprintf.o)

.note.gnu.avr.deviceinfo
                0x00000000       0x3c
 .note.gnu.avr.deviceinfo
                0x00000000       0x3c C:/Program Files (x86)/Atmel/Studio/7.0/Packs/atmel/ATmega_DFP/1.7.374/gcc/dev/atmega64/avr5/crtatmega64.o

.note.gnu.build-id
 *(.note.gnu.build-id)

.debug
 *(.debug)

.line
 *(.line)

.debug_srcinfo
 *(.debug_srcinfo)

.debug_sfnames
 *(.debug_sfnames)

.debug_aranges  0x00000000      0x9a8
 *(.debug_aranges)
 .debug_aranges
                0x00000000       0x40 Application/Accel_Gyro/Accel_Gyro.o
 .debug_aranges
                0x00000040       0x20 Application/CMDLine/cmdline.o
 .debug_aranges
                0x00000060       0xd8 Application/CMDLine/command.o
 .debug_aranges
                0x00000138       0xd8 Application/COPC/COPC.o
 .debug_aranges
                0x00000210       0x30 Application/LED/ir_led.o
 .debug_aranges
                0x00000240       0x28 Application/LED/ring_led.o
 .debug_aranges
                0x00000268       0x38 Application/LED/status_led.o
 .debug_aranges
                0x000002a0       0x20 Application/main.o
 .debug_aranges
                0x000002c0       0x38 Application/Pressure/Pressure.o
 .debug_aranges
                0x000002f8       0xc8 Application/Temperature/temperature.o
 .debug_aranges
                0x000003c0       0x30 Application/WATCHDOG/watchdog.o
 .debug_aranges
                0x000003f0       0x30 BSP/ADC/AD.o
 .debug_aranges
                0x00000420       0x38 BSP/PWM/PWM.o
 .debug_aranges
                0x00000458       0x30 BSP/SPI/spi.o
 .debug_aranges
                0x00000488       0x30 BSP/Timer/timer.o
 .debug_aranges
                0x000004b8       0xf8 BSP/TWI/twi.o
 .debug_aranges
                0x000005b0      0x108 BSP/UART/uart.o
 .debug_aranges
                0x000006b8       0x18 Data_struct/IOU_data.o
 .debug_aranges
                0x000006d0       0x68 Devices/BMP390/BMP390.o
 .debug_aranges
                0x00000738       0x40 Devices/LSM6DSOX/LSM6DSOX.o
 .debug_aranges
                0x00000778       0x48 Devices/MCP4921/MCP4921.o
 .debug_aranges
                0x000007c0       0x38 Devices/NTC/ntc_10k.o
 .debug_aranges
                0x000007f8       0x40 Devices/LED_RING/SK6812.o
 .debug_aranges
                0x00000838       0x30 Devices/TEC/TEC.o
 .debug_aranges
                0x00000868       0x28 Devices/TPL5010/TPL5010.o
 .debug_aranges
                0x00000890       0x90 Scheduler/scheduler.o
 .debug_aranges
                0x00000920       0x20 ThirdParty/libsfp/crc16.o
 .debug_aranges
                0x00000940       0x68 ThirdParty/libsfp/fsp.o

.debug_pubnames
 *(.debug_pubnames)

.debug_info     0x00000000     0x9b2c
 *(.debug_info .gnu.linkonce.wi.*)
 .debug_info    0x00000000      0x780 C:/Program Files (x86)/Atmel/Studio/7.0/Packs/atmel/ATmega_DFP/1.7.374/gcc/dev/atmega64/avr5/crtatmega64.o
 .debug_info    0x00000780      0x363 Application/Accel_Gyro/Accel_Gyro.o
 .debug_info    0x00000ae3      0x1f0 Application/CMDLine/cmdline.o
 .debug_info    0x00000cd3     0x13fb Application/CMDLine/command.o
 .debug_info    0x000020ce     0x1a89 Application/COPC/COPC.o
 .debug_info    0x00003b57      0x12b Application/LED/ir_led.o
 .debug_info    0x00003c82      0x2aa Application/LED/ring_led.o
 .debug_info    0x00003f2c      0x628 Application/LED/status_led.o
 .debug_info    0x00004554      0x2d0 Application/main.o
 .debug_info    0x00004824      0x2c8 Application/Pressure/Pressure.o
 .debug_info    0x00004aec      0xbf3 Application/Temperature/temperature.o
 .debug_info    0x000056df      0x21b Application/WATCHDOG/watchdog.o
 .debug_info    0x000058fa      0x106 BSP/ADC/AD.o
 .debug_info    0x00005a00      0x166 BSP/PWM/PWM.o
 .debug_info    0x00005b66       0xcf BSP/SPI/spi.o
 .debug_info    0x00005c35       0xb3 BSP/Timer/timer.o
 .debug_info    0x00005ce8      0x94a BSP/TWI/twi.o
 .debug_info    0x00006632      0xc9b BSP/UART/uart.o
 .debug_info    0x000072cd      0x27c Data_struct/IOU_data.o
 .debug_info    0x00007549      0x82e Devices/BMP390/BMP390.o
 .debug_info    0x00007d77      0x483 Devices/LSM6DSOX/LSM6DSOX.o
 .debug_info    0x000081fa      0x2e7 Devices/MCP4921/MCP4921.o
 .debug_info    0x000084e1      0x255 Devices/NTC/ntc_10k.o
 .debug_info    0x00008736      0x275 Devices/LED_RING/SK6812.o
 .debug_info    0x000089ab       0xdf Devices/TEC/TEC.o
 .debug_info    0x00008a8a       0x9d Devices/TPL5010/TPL5010.o
 .debug_info    0x00008b27      0x882 Scheduler/scheduler.o
 .debug_info    0x000093a9       0xea ThirdParty/libsfp/crc16.o
 .debug_info    0x00009493      0x699 ThirdParty/libsfp/fsp.o

.debug_abbrev   0x00000000     0x2b52
 *(.debug_abbrev)
 .debug_abbrev  0x00000000      0x718 C:/Program Files (x86)/Atmel/Studio/7.0/Packs/atmel/ATmega_DFP/1.7.374/gcc/dev/atmega64/avr5/crtatmega64.o
 .debug_abbrev  0x00000718      0x144 Application/Accel_Gyro/Accel_Gyro.o
 .debug_abbrev  0x0000085c      0x11f Application/CMDLine/cmdline.o
 .debug_abbrev  0x0000097b      0x2a0 Application/CMDLine/command.o
 .debug_abbrev  0x00000c1b      0x229 Application/COPC/COPC.o
 .debug_abbrev  0x00000e44       0xd1 Application/LED/ir_led.o
 .debug_abbrev  0x00000f15      0x108 Application/LED/ring_led.o
 .debug_abbrev  0x0000101d      0x1b2 Application/LED/status_led.o
 .debug_abbrev  0x000011cf       0xc8 Application/main.o
 .debug_abbrev  0x00001297      0x119 Application/Pressure/Pressure.o
 .debug_abbrev  0x000013b0      0x22c Application/Temperature/temperature.o
 .debug_abbrev  0x000015dc       0xfb Application/WATCHDOG/watchdog.o
 .debug_abbrev  0x000016d7       0xb2 BSP/ADC/AD.o
 .debug_abbrev  0x00001789       0x9e BSP/PWM/PWM.o
 .debug_abbrev  0x00001827       0x99 BSP/SPI/spi.o
 .debug_abbrev  0x000018c0       0x54 BSP/Timer/timer.o
 .debug_abbrev  0x00001914      0x2ac BSP/TWI/twi.o
 .debug_abbrev  0x00001bc0      0x306 BSP/UART/uart.o
 .debug_abbrev  0x00001ec6       0x9e Data_struct/IOU_data.o
 .debug_abbrev  0x00001f64      0x1e4 Devices/BMP390/BMP390.o
 .debug_abbrev  0x00002148      0x125 Devices/LSM6DSOX/LSM6DSOX.o
 .debug_abbrev  0x0000226d      0x18d Devices/MCP4921/MCP4921.o
 .debug_abbrev  0x000023fa      0x129 Devices/NTC/ntc_10k.o
 .debug_abbrev  0x00002523      0x142 Devices/LED_RING/SK6812.o
 .debug_abbrev  0x00002665       0x99 Devices/TEC/TEC.o
 .debug_abbrev  0x000026fe       0x54 Devices/TPL5010/TPL5010.o
 .debug_abbrev  0x00002752      0x205 Scheduler/scheduler.o
 .debug_abbrev  0x00002957       0x7f ThirdParty/libsfp/crc16.o
 .debug_abbrev  0x000029d6      0x17c ThirdParty/libsfp/fsp.o

.debug_line     0x00000000     0x8f5a
 *(.debug_line .debug_line.* .debug_line_end)
 .debug_line    0x00000000      0x16a C:/Program Files (x86)/Atmel/Studio/7.0/Packs/atmel/ATmega_DFP/1.7.374/gcc/dev/atmega64/avr5/crtatmega64.o
 .debug_line    0x0000016a      0x4d4 Application/Accel_Gyro/Accel_Gyro.o
 .debug_line    0x0000063e      0x348 Application/CMDLine/cmdline.o
 .debug_line    0x00000986      0xcc6 Application/CMDLine/command.o
 .debug_line    0x0000164c      0xc14 Application/COPC/COPC.o
 .debug_line    0x00002260      0x30a Application/LED/ir_led.o
 .debug_line    0x0000256a      0x304 Application/LED/ring_led.o
 .debug_line    0x0000286e      0x3d4 Application/LED/status_led.o
 .debug_line    0x00002c42      0x66c Application/main.o
 .debug_line    0x000032ae      0x43c Application/Pressure/Pressure.o
 .debug_line    0x000036ea      0x8e8 Application/Temperature/temperature.o
 .debug_line    0x00003fd2      0x35f Application/WATCHDOG/watchdog.o
 .debug_line    0x00004331      0x292 BSP/ADC/AD.o
 .debug_line    0x000045c3      0x2ff BSP/PWM/PWM.o
 .debug_line    0x000048c2      0x2cd BSP/SPI/spi.o
 .debug_line    0x00004b8f      0x28f BSP/Timer/timer.o
 .debug_line    0x00004e1e      0xa62 BSP/TWI/twi.o
 .debug_line    0x00005880      0xb78 BSP/UART/uart.o
 .debug_line    0x000063f8      0x147 Data_struct/IOU_data.o
 .debug_line    0x0000653f      0x73b Devices/BMP390/BMP390.o
 .debug_line    0x00006c7a      0x4ff Devices/LSM6DSOX/LSM6DSOX.o
 .debug_line    0x00007179      0x465 Devices/MCP4921/MCP4921.o
 .debug_line    0x000075de      0x3f0 Devices/NTC/ntc_10k.o
 .debug_line    0x000079ce      0x358 Devices/LED_RING/SK6812.o
 .debug_line    0x00007d26      0x317 Devices/TEC/TEC.o
 .debug_line    0x0000803d      0x29b Devices/TPL5010/TPL5010.o
 .debug_line    0x000082d8      0x666 Scheduler/scheduler.o
 .debug_line    0x0000893e      0x149 ThirdParty/libsfp/crc16.o
 .debug_line    0x00008a87      0x4d3 ThirdParty/libsfp/fsp.o

.debug_frame    0x00000000     0x1a20
 *(.debug_frame)
 .debug_frame   0x00000000       0x8c Application/Accel_Gyro/Accel_Gyro.o
 .debug_frame   0x0000008c       0x40 Application/CMDLine/cmdline.o
 .debug_frame   0x000000cc      0x368 Application/CMDLine/command.o
 .debug_frame   0x00000434      0x2c0 Application/COPC/COPC.o
 .debug_frame   0x000006f4       0x4c Application/LED/ir_led.o
 .debug_frame   0x00000740       0x34 Application/LED/ring_led.o
 .debug_frame   0x00000774       0x60 Application/LED/status_led.o
 .debug_frame   0x000007d4       0x24 Application/main.o
 .debug_frame   0x000007f8       0x5c Application/Pressure/Pressure.o
 .debug_frame   0x00000854      0x298 Application/Temperature/temperature.o
 .debug_frame   0x00000aec       0x44 Application/WATCHDOG/watchdog.o
 .debug_frame   0x00000b30       0x44 BSP/ADC/AD.o
 .debug_frame   0x00000b74       0x64 BSP/PWM/PWM.o
 .debug_frame   0x00000bd8       0x44 BSP/SPI/spi.o
 .debug_frame   0x00000c1c       0x44 BSP/Timer/timer.o
 .debug_frame   0x00000c60      0x244 BSP/TWI/twi.o
 .debug_frame   0x00000ea4      0x3f4 BSP/UART/uart.o
 .debug_frame   0x00001298      0x1c4 Devices/BMP390/BMP390.o
 .debug_frame   0x0000145c       0xc8 Devices/LSM6DSOX/LSM6DSOX.o
 .debug_frame   0x00001524       0xac Devices/MCP4921/MCP4921.o
 .debug_frame   0x000015d0       0x54 Devices/NTC/ntc_10k.o
 .debug_frame   0x00001624       0x64 Devices/LED_RING/SK6812.o
 .debug_frame   0x00001688       0x44 Devices/TEC/TEC.o
 .debug_frame   0x000016cc       0x34 Devices/TPL5010/TPL5010.o
 .debug_frame   0x00001700      0x17c Scheduler/scheduler.o
 .debug_frame   0x0000187c       0x24 ThirdParty/libsfp/crc16.o
 .debug_frame   0x000018a0      0x180 ThirdParty/libsfp/fsp.o

.debug_str      0x00000000     0xe00a
 *(.debug_str)
 .debug_str     0x00000000      0x27e C:/Program Files (x86)/Atmel/Studio/7.0/Packs/atmel/ATmega_DFP/1.7.374/gcc/dev/atmega64/avr5/crtatmega64.o
 .debug_str     0x0000027e     0x8cf5 Application/Accel_Gyro/Accel_Gyro.o
                               0x8e4a (size before relaxing)
 .debug_str     0x00008f73      0x145 Application/CMDLine/cmdline.o
                               0x7b32 (size before relaxing)
 .debug_str     0x000090b8     0x1a1a Application/CMDLine/command.o
                               0xa488 (size before relaxing)
 .debug_str     0x0000aad2     0x14b6 Application/COPC/COPC.o
                               0xa29f (size before relaxing)
 .debug_str     0x0000bf88       0x9c Application/LED/ir_led.o
                               0x7610 (size before relaxing)
 .debug_str     0x0000c024       0x80 Application/LED/ring_led.o
                               0x7926 (size before relaxing)
 .debug_str     0x0000c0a4      0x41f Application/LED/status_led.o
                               0x7de4 (size before relaxing)
 .debug_str     0x0000c4c3       0xfb Application/main.o
                               0x925d (size before relaxing)
 .debug_str     0x0000c5be       0xba Application/Pressure/Pressure.o
                               0x88f5 (size before relaxing)
 .debug_str     0x0000c678      0x301 Application/Temperature/temperature.o
                               0x8f36 (size before relaxing)
 .debug_str     0x0000c979      0x189 Application/WATCHDOG/watchdog.o
                               0x7ee7 (size before relaxing)
 .debug_str     0x0000cb02       0x20 BSP/ADC/AD.o
                               0x6b8e (size before relaxing)
 .debug_str     0x0000cb22       0x71 BSP/PWM/PWM.o
                               0x718a (size before relaxing)
 .debug_str     0x0000cb93       0x2b BSP/SPI/spi.o
                               0x71ab (size before relaxing)
 .debug_str     0x0000cbbe       0x93 BSP/Timer/timer.o
                               0x6f01 (size before relaxing)
 .debug_str     0x0000cc51      0x42b BSP/TWI/twi.o
                               0x7e8e (size before relaxing)
 .debug_str     0x0000d07c      0x480 BSP/UART/uart.o
                               0x98fb (size before relaxing)
 .debug_str     0x0000d4fc       0x1a Data_struct/IOU_data.o
                               0x3fd2 (size before relaxing)
 .debug_str     0x0000d516      0x378 Devices/BMP390/BMP390.o
                               0x8daf (size before relaxing)
 .debug_str     0x0000d88e       0xad Devices/LSM6DSOX/LSM6DSOX.o
                               0x8a52 (size before relaxing)
 .debug_str     0x0000d93b       0xe5 Devices/MCP4921/MCP4921.o
                               0x7701 (size before relaxing)
 .debug_str     0x0000da20       0xe9 Devices/NTC/ntc_10k.o
                               0x90f9 (size before relaxing)
 .debug_str     0x0000db09       0x55 Devices/LED_RING/SK6812.o
                               0x78ff (size before relaxing)
 .debug_str     0x0000db5e       0x20 Devices/TEC/TEC.o
                               0x711b (size before relaxing)
 .debug_str     0x0000db7e       0x1d Devices/TPL5010/TPL5010.o
                               0x711b (size before relaxing)
 .debug_str     0x0000db9b      0x37a Scheduler/scheduler.o
                               0x7b26 (size before relaxing)
 .debug_str     0x0000df15       0x3c ThirdParty/libsfp/crc16.o
                               0x3272 (size before relaxing)
 .debug_str     0x0000df51       0xb9 ThirdParty/libsfp/fsp.o
                               0x3c7b (size before relaxing)

.debug_loc      0x00000000     0x6aa3
 *(.debug_loc)
 .debug_loc     0x00000000       0xb2 Application/Accel_Gyro/Accel_Gyro.o
 .debug_loc     0x000000b2      0x194 Application/CMDLine/cmdline.o
 .debug_loc     0x00000246     0x16c9 Application/CMDLine/command.o
 .debug_loc     0x0000190f      0x94b Application/COPC/COPC.o
 .debug_loc     0x0000225a       0x4f Application/LED/ir_led.o
 .debug_loc     0x000022a9       0x2f Application/LED/status_led.o
 .debug_loc     0x000022d8       0x22 Application/Pressure/Pressure.o
 .debug_loc     0x000022fa      0x8d2 Application/Temperature/temperature.o
 .debug_loc     0x00002bcc       0x42 BSP/ADC/AD.o
 .debug_loc     0x00002c0e      0x182 BSP/PWM/PWM.o
 .debug_loc     0x00002d90       0x1f BSP/SPI/spi.o
 .debug_loc     0x00002daf      0x849 BSP/TWI/twi.o
 .debug_loc     0x000035f8      0xf4b BSP/UART/uart.o
 .debug_loc     0x00004543      0x7a7 Devices/BMP390/BMP390.o
 .debug_loc     0x00004cea      0x31f Devices/LSM6DSOX/LSM6DSOX.o
 .debug_loc     0x00005009      0x1bb Devices/MCP4921/MCP4921.o
 .debug_loc     0x000051c4      0x1ab Devices/NTC/ntc_10k.o
 .debug_loc     0x0000536f      0x146 Devices/LED_RING/SK6812.o
 .debug_loc     0x000054b5      0x10a Devices/TEC/TEC.o
 .debug_loc     0x000055bf      0x71b Scheduler/scheduler.o
 .debug_loc     0x00005cda       0xdf ThirdParty/libsfp/crc16.o
 .debug_loc     0x00005db9      0xcea ThirdParty/libsfp/fsp.o

.debug_macinfo
 *(.debug_macinfo)

.debug_weaknames
 *(.debug_weaknames)

.debug_funcnames
 *(.debug_funcnames)

.debug_typenames
 *(.debug_typenames)

.debug_varnames
 *(.debug_varnames)

.debug_pubtypes
 *(.debug_pubtypes)

.debug_ranges   0x00000000      0x828
 *(.debug_ranges)
 .debug_ranges  0x00000000       0x30 Application/Accel_Gyro/Accel_Gyro.o
 .debug_ranges  0x00000030       0x10 Application/CMDLine/cmdline.o
 .debug_ranges  0x00000040       0xc8 Application/CMDLine/command.o
 .debug_ranges  0x00000108       0xc8 Application/COPC/COPC.o
 .debug_ranges  0x000001d0       0x20 Application/LED/ir_led.o
 .debug_ranges  0x000001f0       0x18 Application/LED/ring_led.o
 .debug_ranges  0x00000208       0x28 Application/LED/status_led.o
 .debug_ranges  0x00000230       0x10 Application/main.o
 .debug_ranges  0x00000240       0x28 Application/Pressure/Pressure.o
 .debug_ranges  0x00000268       0xb8 Application/Temperature/temperature.o
 .debug_ranges  0x00000320       0x20 Application/WATCHDOG/watchdog.o
 .debug_ranges  0x00000340       0x20 BSP/ADC/AD.o
 .debug_ranges  0x00000360       0x28 BSP/PWM/PWM.o
 .debug_ranges  0x00000388       0x20 BSP/SPI/spi.o
 .debug_ranges  0x000003a8       0x20 BSP/Timer/timer.o
 .debug_ranges  0x000003c8      0x100 BSP/TWI/twi.o
 .debug_ranges  0x000004c8      0x128 BSP/UART/uart.o
 .debug_ranges  0x000005f0       0x58 Devices/BMP390/BMP390.o
 .debug_ranges  0x00000648       0x30 Devices/LSM6DSOX/LSM6DSOX.o
 .debug_ranges  0x00000678       0x38 Devices/MCP4921/MCP4921.o
 .debug_ranges  0x000006b0       0x28 Devices/NTC/ntc_10k.o
 .debug_ranges  0x000006d8       0x30 Devices/LED_RING/SK6812.o
 .debug_ranges  0x00000708       0x20 Devices/TEC/TEC.o
 .debug_ranges  0x00000728       0x18 Devices/TPL5010/TPL5010.o
 .debug_ranges  0x00000740       0x80 Scheduler/scheduler.o
 .debug_ranges  0x000007c0       0x10 ThirdParty/libsfp/crc16.o
 .debug_ranges  0x000007d0       0x58 ThirdParty/libsfp/fsp.o

.debug_macro    0x00000000     0x6160
 *(.debug_macro)
 .debug_macro   0x00000000      0x1a4 Application/Accel_Gyro/Accel_Gyro.o
 .debug_macro   0x000001a4      0xa4e Application/Accel_Gyro/Accel_Gyro.o
 .debug_macro   0x00000bf2      0x1c9 Application/Accel_Gyro/Accel_Gyro.o
 .debug_macro   0x00000dbb      0x2fc Application/Accel_Gyro/Accel_Gyro.o
 .debug_macro   0x000010b7       0x58 Application/Accel_Gyro/Accel_Gyro.o
 .debug_macro   0x0000110f       0x10 Application/Accel_Gyro/Accel_Gyro.o
 .debug_macro   0x0000111f       0x97 Application/Accel_Gyro/Accel_Gyro.o
 .debug_macro   0x000011b6       0xf2 Application/Accel_Gyro/Accel_Gyro.o
 .debug_macro   0x000012a8       0x22 Application/Accel_Gyro/Accel_Gyro.o
 .debug_macro   0x000012ca       0x88 Application/Accel_Gyro/Accel_Gyro.o
 .debug_macro   0x00001352       0xaa Application/Accel_Gyro/Accel_Gyro.o
 .debug_macro   0x000013fc     0x1543 Application/Accel_Gyro/Accel_Gyro.o
 .debug_macro   0x0000293f      0x203 Application/Accel_Gyro/Accel_Gyro.o
 .debug_macro   0x00002b42       0xbd Application/Accel_Gyro/Accel_Gyro.o
 .debug_macro   0x00002bff       0x34 Application/Accel_Gyro/Accel_Gyro.o
 .debug_macro   0x00002c33       0x18 Application/Accel_Gyro/Accel_Gyro.o
 .debug_macro   0x00002c4b       0x6c Application/Accel_Gyro/Accel_Gyro.o
 .debug_macro   0x00002cb7       0xd7 Application/Accel_Gyro/Accel_Gyro.o
 .debug_macro   0x00002d8e       0xf6 Application/Accel_Gyro/Accel_Gyro.o
 .debug_macro   0x00002e84       0x22 Application/Accel_Gyro/Accel_Gyro.o
 .debug_macro   0x00002ea6      0x166 Application/Accel_Gyro/Accel_Gyro.o
 .debug_macro   0x0000300c       0x10 Application/Accel_Gyro/Accel_Gyro.o
 .debug_macro   0x0000301c       0x1c Application/Accel_Gyro/Accel_Gyro.o
 .debug_macro   0x00003038       0x35 Application/Accel_Gyro/Accel_Gyro.o
 .debug_macro   0x0000306d       0x60 Application/Accel_Gyro/Accel_Gyro.o
 .debug_macro   0x000030cd       0x69 Application/Accel_Gyro/Accel_Gyro.o
 .debug_macro   0x00003136       0x10 Application/Accel_Gyro/Accel_Gyro.o
 .debug_macro   0x00003146       0x3a Application/Accel_Gyro/Accel_Gyro.o
 .debug_macro   0x00003180       0x16 Application/Accel_Gyro/Accel_Gyro.o
 .debug_macro   0x00003196       0x28 Application/Accel_Gyro/Accel_Gyro.o
 .debug_macro   0x000031be      0x160 Application/Accel_Gyro/Accel_Gyro.o
 .debug_macro   0x0000331e       0x3a Application/Accel_Gyro/Accel_Gyro.o
 .debug_macro   0x00003358       0x28 Application/Accel_Gyro/Accel_Gyro.o
 .debug_macro   0x00003380       0x1c Application/Accel_Gyro/Accel_Gyro.o
 .debug_macro   0x0000339c       0xfd Application/CMDLine/cmdline.o
 .debug_macro   0x00003499       0x16 Application/CMDLine/cmdline.o
 .debug_macro   0x000034af       0x28 Application/CMDLine/cmdline.o
 .debug_macro   0x000034d7       0x10 Application/CMDLine/cmdline.o
 .debug_macro   0x000034e7      0x302 Application/CMDLine/cmdline.o
 .debug_macro   0x000037e9       0x9e Application/CMDLine/cmdline.o
 .debug_macro   0x00003887       0x20 Application/CMDLine/cmdline.o
 .debug_macro   0x000038a7      0x22c Application/CMDLine/command.o
 .debug_macro   0x00003ad3      0x16d Application/CMDLine/command.o
 .debug_macro   0x00003c40       0x1c Application/CMDLine/command.o
 .debug_macro   0x00003c5c       0xdd Application/CMDLine/command.o
 .debug_macro   0x00003d39      0x160 Application/CMDLine/command.o
 .debug_macro   0x00003e99       0x10 Application/CMDLine/command.o
 .debug_macro   0x00003ea9       0x40 Application/CMDLine/command.o
 .debug_macro   0x00003ee9       0x5a Application/CMDLine/command.o
 .debug_macro   0x00003f43       0x2e Application/CMDLine/command.o
 .debug_macro   0x00003f71       0x4c Application/CMDLine/command.o
 .debug_macro   0x00003fbd       0x10 Application/CMDLine/command.o
 .debug_macro   0x00003fcd       0x8e Application/CMDLine/command.o
 .debug_macro   0x0000405b       0x10 Application/CMDLine/command.o
 .debug_macro   0x0000406b       0xe2 Application/CMDLine/command.o
 .debug_macro   0x0000414d      0x20f Application/COPC/COPC.o
 .debug_macro   0x0000435c      0x179 Application/COPC/COPC.o
 .debug_macro   0x000044d5       0xd4 Application/LED/ir_led.o
 .debug_macro   0x000045a9       0xeb Application/LED/ring_led.o
 .debug_macro   0x00004694      0x106 Application/LED/status_led.o
 .debug_macro   0x0000479a      0x10e Application/LED/status_led.o
 .debug_macro   0x000048a8       0x66 Application/LED/status_led.o
 .debug_macro   0x0000490e       0x86 Application/LED/status_led.o
 .debug_macro   0x00004994      0x250 Application/main.o
 .debug_macro   0x00004be4      0x193 Application/Pressure/Pressure.o
 .debug_macro   0x00004d77      0x1d0 Application/Temperature/temperature.o
 .debug_macro   0x00004f47       0x10 Application/Temperature/temperature.o
 .debug_macro   0x00004f57      0x129 Application/WATCHDOG/watchdog.o
 .debug_macro   0x00005080       0x91 BSP/ADC/AD.o
 .debug_macro   0x00005111       0xb5 BSP/PWM/PWM.o
 .debug_macro   0x000051c6       0xa8 BSP/SPI/spi.o
 .debug_macro   0x0000526e       0xa0 BSP/Timer/timer.o
 .debug_macro   0x0000530e       0x63 BSP/Timer/timer.o
 .debug_macro   0x00005371       0xfe BSP/TWI/twi.o
 .debug_macro   0x0000546f      0x151 BSP/UART/uart.o
 .debug_macro   0x000055c0       0x12 BSP/UART/uart.o
 .debug_macro   0x000055d2       0x2e BSP/UART/uart.o
 .debug_macro   0x00005600       0x62 Data_struct/IOU_data.o
 .debug_macro   0x00005662      0x1ac Devices/BMP390/BMP390.o
 .debug_macro   0x0000580e      0x166 Devices/LSM6DSOX/LSM6DSOX.o
 .debug_macro   0x00005974       0x97 Devices/LSM6DSOX/LSM6DSOX.o
 .debug_macro   0x00005a0b       0xdd Devices/MCP4921/MCP4921.o
 .debug_macro   0x00005ae8      0x168 Devices/NTC/ntc_10k.o
 .debug_macro   0x00005c50       0x16 Devices/NTC/ntc_10k.o
 .debug_macro   0x00005c66       0xc9 Devices/LED_RING/SK6812.o
 .debug_macro   0x00005d2f       0xa3 Devices/TEC/TEC.o
 .debug_macro   0x00005dd2       0xa9 Devices/TPL5010/TPL5010.o
 .debug_macro   0x00005e7b       0xf0 Scheduler/scheduler.o
 .debug_macro   0x00005f6b       0x2e ThirdParty/libsfp/crc16.o
 .debug_macro   0x00005f99       0x54 ThirdParty/libsfp/fsp.o
 .debug_macro   0x00005fed      0x173 ThirdParty/libsfp/fsp.o
OUTPUT(IOUFirmware.elf elf32-avr)
LOAD linker stubs
